Archive member included to satisfy reference by file (symbol)

c:/program files (x86)/atmel/studio/7.0/toolchain/avr8/avr8-gnu-toolchain/bin/../lib/gcc/avr/5.4.0/../../../../avr/lib/avr5\libm.a(addsf3.o)
                              MAX30100.o (__subsf3)
c:/program files (x86)/atmel/studio/7.0/toolchain/avr8/avr8-gnu-toolchain/bin/../lib/gcc/avr/5.4.0/../../../../avr/lib/avr5\libm.a(addsf3x.o)
                              c:/program files (x86)/atmel/studio/7.0/toolchain/avr8/avr8-gnu-toolchain/bin/../lib/gcc/avr/5.4.0/../../../../avr/lib/avr5\libm.a(addsf3.o) (__addsf3x)
c:/program files (x86)/atmel/studio/7.0/toolchain/avr8/avr8-gnu-toolchain/bin/../lib/gcc/avr/5.4.0/../../../../avr/lib/avr5\libm.a(cmpsf2.o)
                              MAX30105.o (__nesf2)
c:/program files (x86)/atmel/studio/7.0/toolchain/avr8/avr8-gnu-toolchain/bin/../lib/gcc/avr/5.4.0/../../../../avr/lib/avr5\libm.a(divsf3.o)
                              MAX30100.o (__divsf3)
c:/program files (x86)/atmel/studio/7.0/toolchain/avr8/avr8-gnu-toolchain/bin/../lib/gcc/avr/5.4.0/../../../../avr/lib/avr5\libm.a(divsf3x.o)
                              c:/program files (x86)/atmel/studio/7.0/toolchain/avr8/avr8-gnu-toolchain/bin/../lib/gcc/avr/5.4.0/../../../../avr/lib/avr5\libm.a(divsf3.o) (__divsf3x)
c:/program files (x86)/atmel/studio/7.0/toolchain/avr8/avr8-gnu-toolchain/bin/../lib/gcc/avr/5.4.0/../../../../avr/lib/avr5\libm.a(fixunssfsi.o)
                              MAX30100.o (__fixunssfsi)
c:/program files (x86)/atmel/studio/7.0/toolchain/avr8/avr8-gnu-toolchain/bin/../lib/gcc/avr/5.4.0/../../../../avr/lib/avr5\libm.a(floatsisf.o)
                              MAX30100.o (__floatunsisf)
c:/program files (x86)/atmel/studio/7.0/toolchain/avr8/avr8-gnu-toolchain/bin/../lib/gcc/avr/5.4.0/../../../../avr/lib/avr5\libm.a(fp_cmp.o)
                              c:/program files (x86)/atmel/studio/7.0/toolchain/avr8/avr8-gnu-toolchain/bin/../lib/gcc/avr/5.4.0/../../../../avr/lib/avr5\libm.a(cmpsf2.o) (__fp_cmp)
c:/program files (x86)/atmel/studio/7.0/toolchain/avr8/avr8-gnu-toolchain/bin/../lib/gcc/avr/5.4.0/../../../../avr/lib/avr5\libm.a(fp_inf.o)
                              c:/program files (x86)/atmel/studio/7.0/toolchain/avr8/avr8-gnu-toolchain/bin/../lib/gcc/avr/5.4.0/../../../../avr/lib/avr5\libm.a(addsf3x.o) (__fp_inf)
c:/program files (x86)/atmel/studio/7.0/toolchain/avr8/avr8-gnu-toolchain/bin/../lib/gcc/avr/5.4.0/../../../../avr/lib/avr5\libm.a(fp_nan.o)
                              c:/program files (x86)/atmel/studio/7.0/toolchain/avr8/avr8-gnu-toolchain/bin/../lib/gcc/avr/5.4.0/../../../../avr/lib/avr5\libm.a(addsf3x.o) (__fp_nan)
c:/program files (x86)/atmel/studio/7.0/toolchain/avr8/avr8-gnu-toolchain/bin/../lib/gcc/avr/5.4.0/../../../../avr/lib/avr5\libm.a(fp_pscA.o)
                              c:/program files (x86)/atmel/studio/7.0/toolchain/avr8/avr8-gnu-toolchain/bin/../lib/gcc/avr/5.4.0/../../../../avr/lib/avr5\libm.a(addsf3x.o) (__fp_pscA)
c:/program files (x86)/atmel/studio/7.0/toolchain/avr8/avr8-gnu-toolchain/bin/../lib/gcc/avr/5.4.0/../../../../avr/lib/avr5\libm.a(fp_pscB.o)
                              c:/program files (x86)/atmel/studio/7.0/toolchain/avr8/avr8-gnu-toolchain/bin/../lib/gcc/avr/5.4.0/../../../../avr/lib/avr5\libm.a(addsf3x.o) (__fp_pscB)
c:/program files (x86)/atmel/studio/7.0/toolchain/avr8/avr8-gnu-toolchain/bin/../lib/gcc/avr/5.4.0/../../../../avr/lib/avr5\libm.a(fp_round.o)
                              c:/program files (x86)/atmel/studio/7.0/toolchain/avr8/avr8-gnu-toolchain/bin/../lib/gcc/avr/5.4.0/../../../../avr/lib/avr5\libm.a(addsf3.o) (__fp_round)
c:/program files (x86)/atmel/studio/7.0/toolchain/avr8/avr8-gnu-toolchain/bin/../lib/gcc/avr/5.4.0/../../../../avr/lib/avr5\libm.a(fp_split3.o)
                              c:/program files (x86)/atmel/studio/7.0/toolchain/avr8/avr8-gnu-toolchain/bin/../lib/gcc/avr/5.4.0/../../../../avr/lib/avr5\libm.a(addsf3x.o) (__fp_split3)
c:/program files (x86)/atmel/studio/7.0/toolchain/avr8/avr8-gnu-toolchain/bin/../lib/gcc/avr/5.4.0/../../../../avr/lib/avr5\libm.a(fp_zero.o)
                              c:/program files (x86)/atmel/studio/7.0/toolchain/avr8/avr8-gnu-toolchain/bin/../lib/gcc/avr/5.4.0/../../../../avr/lib/avr5\libm.a(addsf3x.o) (__fp_zero)
c:/program files (x86)/atmel/studio/7.0/toolchain/avr8/avr8-gnu-toolchain/bin/../lib/gcc/avr/5.4.0/../../../../avr/lib/avr5\libm.a(gesf2.o)
                              MAX30100.o (__gesf2)
c:/program files (x86)/atmel/studio/7.0/toolchain/avr8/avr8-gnu-toolchain/bin/../lib/gcc/avr/5.4.0/../../../../avr/lib/avr5\libm.a(log.o)
                              MAX30100.o (log)
c:/program files (x86)/atmel/studio/7.0/toolchain/avr8/avr8-gnu-toolchain/bin/../lib/gcc/avr/5.4.0/../../../../avr/lib/avr5\libm.a(mulsf3.o)
                              MAX30100.o (__mulsf3)
[...]
Memory Configuration

Name             Origin             Length             Attributes
text             0x00000000         0x00020000         xr
data             0x00800060         0x0000ffa0         rw !x
eeprom           0x00810000         0x00010000         rw !x
fuse             0x00820000         0x00000003         rw !x
lock             0x00830000         0x00000400         rw !x
signature        0x00840000         0x00000400         rw !x
user_signatures  0x00850000         0x00000400         rw !x
*default*        0x00000000         0xffffffff

Linker script and memory map

Address of section .data set to 0x800100
LOAD C:/Program Files (x86)/Atmel/Studio/7.0/Packs/atmel/ATmega_DFP/1.2.150/gcc/dev/atmega328p/avr5/crtatmega328p.o
LOAD heartRate.o
LOAD MAX30100.o
LOAD MAX30105.o
LOAD Sketch.o
START GROUP
LOAD c:/program files (x86)/atmel/studio/7.0/toolchain/avr8/avr8-gnu-toolchain/bin/../lib/gcc/avr/5.4.0/../../../../avr/lib/avr5\libm.a
LOAD c:\users\tenni\Documents\Atmel Studio\7.0\FinalArduino5\FinalArduino5\ArduinoCore\Debug\libArduinoCore.a
END GROUP
LOAD c:/program files (x86)/atmel/studio/7.0/toolchain/avr8/avr8-gnu-toolchain/bin/../lib/gcc/avr/5.4.0/avr5\libgcc.a
LOAD c:/program files (x86)/atmel/studio/7.0/toolchain/avr8/avr8-gnu-toolchain/bin/../lib/gcc/avr/5.4.0/../../../../avr/lib/avr5\libm.a
START GROUP
LOAD c:/program files (x86)/atmel/studio/7.0/toolchain/avr8/avr8-gnu-toolchain/bin/../lib/gcc/avr/5.4.0/avr5\libgcc.a
LOAD c:/program files (x86)/atmel/studio/7.0/toolchain/avr8/avr8-gnu-toolchain/bin/../lib/gcc/avr/5.4.0/../../../../avr/lib/avr5\libm.a
LOAD c:/program files (x86)/atmel/studio/7.0/toolchain/avr8/avr8-gnu-toolchain/bin/../lib/gcc/avr/5.4.0/../../../../avr/lib/avr5\libc.a
LOAD C:/Program Files (x86)/Atmel/Studio/7.0/Packs/atmel/ATmega_DFP/1.2.150/gcc/dev/atmega328p/avr5\libatmega328p.a
END GROUP
                0x00020000                __TEXT_REGION_LENGTH__ = DEFINED (__TEXT_REGION_LENGTH__)?__TEXT_REGION_LENGTH__:0x20000
                0x0000ffa0                __DATA_REGION_LENGTH__ = DEFINED (__DATA_REGION_LENGTH__)?__DATA_REGION_LENGTH__:0xffa0
                0x00010000                __EEPROM_REGION_LENGTH__ = DEFINED (__EEPROM_REGION_LENGTH__)?__EEPROM_REGION_LENGTH__:0x10000
                [0x00000003]                __FUSE_REGION_LENGTH__ = DEFINED (__FUSE_REGION_LENGTH__)?__FUSE_REGION_LENGTH__:0x400
                0x00000400                __LOCK_REGION_LENGTH__ = DEFINED (__LOCK_REGION_LENGTH__)?__LOCK_REGION_LENGTH__:0x400
                0x00000400                __SIGNATURE_REGION_LENGTH__ = DEFINED (__SIGNATURE_REGION_LENGTH__)?__SIGNATURE_REGION_LENGTH__:0x400
                0x00000400                __USER_SIGNATURE_REGION_LENGTH__ = DEFINED (__USER_SIGNATURE_REGION_LENGTH__)?__USER_SIGNATURE_REGION_LENGTH__:0x400

.hash
 *(.hash)

.dynsym
 *(.dynsym)

.dynstr
 *(.dynstr)

.gnu.version
 *(.gnu.version)

.gnu.version_d
 *(.gnu.version_d)

.gnu.version_r
 *(.gnu.version_r)

.rel.init
 *(.rel.init)

.rela.init
 *(.rela.init)

.rel.text
 *(.rel.text)
 *(.rel.text.*)
 *(.rel.gnu.linkonce.t*)

.rela.text
 *(.rela.text)
 *(.rela.text.*)
 *(.rela.gnu.linkonce.t*)

.rel.fini
 *(.rel.fini)

.rela.fini
 *(.rela.fini)

.rel.rodata
 *(.rel.rodata)
 *(.rel.rodata.*)
 *(.rel.gnu.linkonce.r*)

.rela.rodata
 *(.rela.rodata)
 *(.rela.rodata.*)
 *(.rela.gnu.linkonce.r*)

.rel.data
 *(.rel.data)
 *(.rel.data.*)
 *(.rel.gnu.linkonce.d*)

.rela.data
 *(.rela.data)
 *(.rela.data.*)
 *(.rela.gnu.linkonce.d*)

.rel.ctors
 *(.rel.ctors)

.rela.ctors
 *(.rela.ctors)

.rel.dtors
 *(.rel.dtors)

.rela.dtors
 *(.rela.dtors)

.rel.got
 *(.rel.got)

.rela.got
 *(.rela.got)

.rel.bss
 *(.rel.bss)

.rela.bss
 *(.rela.bss)

.rel.plt
 *(.rel.plt)

.rela.plt
 *(.rela.plt)

.text           0x00000000     0x24c2
 *(.vectors)
 .vectors       0x00000000       0x68 C:/Program Files (x86)/Atmel/Studio/7.0/Packs/atmel/ATmega_DFP/1.2.150/gcc/dev/atmega328p/avr5/crtatmega328p.o
                0x00000000                __vector_default
                0x00000000                __vectors
 *(.vectors)
 *(.progmem.gcc*)
                0x00000068                . = ALIGN (0x2)
                0x00000068                __trampolines_start = .
 *(.trampolines)
 .trampolines   0x00000068        0x0 linker stubs
 *(.trampolines*)
                0x00000068                __trampolines_end = .
 *libprintf_flt.a:*(.progmem.data)
 *libc.a:*(.progmem.data)
 *(.progmem*)
 .progmem.data.digital_pin_to_timer_PGM
                0x00000068       0x14 c:\users\tenni\Documents\Atmel Studio\7.0\FinalArduino5\FinalArduino5\ArduinoCore\Debug\libArduinoCore.a(wiring_digital.o)
                0x00000068                digital_pin_to_timer_PGM
 .progmem.data.digital_pin_to_bit_mask_PGM
                0x0000007c       0x14 c:\users\tenni\Documents\Atmel Studio\7.0\FinalArduino5\FinalArduino5\ArduinoCore\Debug\libArduinoCore.a(wiring_digital.o)
                0x0000007c                digital_pin_to_bit_mask_PGM
 .progmem.data.digital_pin_to_port_PGM
                0x00000090       0x14 c:\users\tenni\Documents\Atmel Studio\7.0\FinalArduino5\FinalArduino5\ArduinoCore\Debug\libArduinoCore.a(wiring_digital.o)
                0x00000090                digital_pin_to_port_PGM
 .progmem.data.port_to_output_PGM
                0x000000a4        0xa c:\users\tenni\Documents\Atmel Studio\7.0\FinalArduino5\FinalArduino5\ArduinoCore\Debug\libArduinoCore.a(wiring_digital.o)
                0x000000a4                port_to_output_PGM
                0x000000ae                . = ALIGN (0x2)
 *(.jumptables)
 *(.jumptables*)
 *(.lowtext)
 *(.lowtext*)
                0x000000ae                __ctors_start = .
 *(.ctors)
 .ctors         0x000000ae        0x2 Sketch.o
 .ctors         0x000000b0        0x2 c:\users\tenni\Documents\Atmel Studio\7.0\FinalArduino5\FinalArduino5\ArduinoCore\Debug\libArduinoCore.a(HardwareSerial0.o)
 .ctors         0x000000b2        0x2 c:\users\tenni\Documents\Atmel Studio\7.0\FinalArduino5\FinalArduino5\ArduinoCore\Debug\libArduinoCore.a(Wire.o)
                0x000000b4                __ctors_end = .
                0x000000b4                __dtors_start = .
 *(.dtors)
                0x000000b4                __dtors_end = .
 SORT(*)(.ctors)
 SORT(*)(.dtors)
 *(.init0)
 .init0         0x000000b4        0x0 C:/Program Files (x86)/Atmel/Studio/7.0/Packs/atmel/ATmega_DFP/1.2.150/gcc/dev/atmega328p/avr5/crtatmega328p.o
                0x000000b4                __init
 *(.init0)
 *(.init1)
 *(.init1)
 *(.init2)
 .init2         0x000000b4        0xc C:/Program Files (x86)/Atmel/Studio/7.0/Packs/atmel/ATmega_DFP/1.2.150/gcc/dev/atmega328p/avr5/crtatmega328p.o
 *(.init2)
 *(.init3)
 *(.init3)
 *(.init4)
 .init4         0x000000c0       0x16 c:/program files (x86)/atmel/studio/7.0/toolchain/avr8/avr8-gnu-toolchain/bin/../lib/gcc/avr/5.4.0/avr5\libgcc.a(_copy_data.o)
                0x000000c0                __do_copy_data
 .init4         0x000000d6       0x10 c:/program files (x86)/atmel/studio/7.0/toolchain/avr8/avr8-gnu-toolchain/bin/../lib/gcc/avr/5.4.0/avr5\libgcc.a(_clear_bss.o)
                0x000000d6                __do_clear_bss
 *(.init4)
 *(.init5)
 *(.init5)
 *(.init6)
 .init6         0x000000e6       0x16 c:/program files (x86)/atmel/studio/7.0/toolchain/avr8/avr8-gnu-toolchain/bin/../lib/gcc/avr/5.4.0/avr5\libgcc.a(_ctors.o)
                0x000000e6                __do_global_ctors
 *(.init6)
 *(.init7)
 *(.init7)
 *(.init8)
 *(.init8)
 *(.init9)
 .init9         0x000000fc        0x8 C:/Program Files (x86)/Atmel/Studio/7.0/Packs/atmel/ATmega_DFP/1.2.150/gcc/dev/atmega328p/avr5/crtatmega328p.o
 *(.init9)
 *(.text)
 .text          0x00000104        0x4 C:/Program Files (x86)/Atmel/Studio/7.0/Packs/atmel/ATmega_DFP/1.2.150/gcc/dev/atmega328p/avr5/crtatmega328p.o
                0x00000104                __vector_22
                0x00000104                __vector_1
                0x00000104                __vector_12
                0x00000104                __bad_interrupt
                0x00000104                __vector_6
                0x00000104                __vector_3
                0x00000104                __vector_23
                0x00000104                __vector_25
                0x00000104                __vector_11
                0x00000104                __vector_13
                0x00000104                __vector_17
                0x00000104                __vector_7
                0x00000104                __vector_5
                0x00000104                __vector_4
                0x00000104                __vector_9
                0x00000104                __vector_2
                0x00000104                __vector_21
                0x00000104                __vector_15
                0x00000104                __vector_8
                0x00000104                __vector_14
                0x00000104                __vector_10
                0x00000104                __vector_20
                0x00000108                . = ALIGN (0x2)
 *(.text.*)
 .text._Z18averageDCEstimatorPlj
                0x00000108       0x58 heartRate.o
                0x00000108                _Z18averageDCEstimatorPlj
 .text._Z16lowPassFIRFilteri
                0x00000160       0xea heartRate.o
                0x00000160                _Z16lowPassFIRFilteri
 .text._Z12checkForBeatl
                0x0000024a      0x120 heartRate.o
                0x0000024a                _Z12checkForBeatl
 .text._ZN8MAX30105C2Ev
                0x0000036a        0x2 MAX30105.o
                0x0000036a                _ZN8MAX30105C1Ev
                0x0000036a                _ZN8MAX30105C2Ev
 .text._ZN8MAX3010513readRegister8Ehh
                0x0000036c       0x9c MAX30105.o
                0x0000036c                _ZN8MAX3010513readRegister8Ehh
 .text._ZN8MAX3010515getWritePointerEv
                0x00000408        0xa MAX30105.o
                0x00000408                _ZN8MAX3010515getWritePointerEv
 .text._ZN8MAX3010514getReadPointerEv
                0x00000412        0xa MAX30105.o
                0x00000412                _ZN8MAX3010514getReadPointerEv
 .text._ZN8MAX301055checkEv
                0x0000041c      0x228 MAX30105.o
                0x0000041c                _ZN8MAX301055checkEv
 .text._ZN8MAX301059safeCheckEh
                0x00000644       0x74 MAX30105.o
                0x00000644                _ZN8MAX301059safeCheckEh
 .text._ZN8MAX301055getIREv
                0x000006b8       0x2c MAX30105.o
                0x000006b8                _ZN8MAX301055getIREv
 .text._ZN8MAX3010510readPartIDEv
                0x000006e4        0xa MAX30105.o
                0x000006e4                _ZN8MAX3010510readPartIDEv
 .text._ZN8MAX3010514readRevisionIDEv
                0x000006ee       0x16 MAX30105.o
                0x000006ee                _ZN8MAX3010514readRevisionIDEv
 .text._ZN8MAX301055beginER7TwoWiremh
                0x00000704       0x4a MAX30105.o
                0x00000704                _ZN8MAX301055beginER7TwoWiremh
 .text._ZN8MAX3010514writeRegister8Ehhh
                0x0000074e       0x4e MAX30105.o
                0x0000074e                _ZN8MAX3010514writeRegister8Ehhh
 .text._ZN8MAX3010520setPulseAmplitudeRedEh
                0x0000079c        0xc MAX30105.o
                0x0000079c                _ZN8MAX3010520setPulseAmplitudeRedEh
 .text._ZN8MAX3010519setPulseAmplitudeIREh
                0x000007a8        0xc MAX30105.o
                0x000007a8                _ZN8MAX3010519setPulseAmplitudeIREh
 .text._ZN8MAX3010522setPulseAmplitudeGreenEh
                0x000007b4        0xc MAX30105.o
                0x000007b4                _ZN8MAX3010522setPulseAmplitudeGreenEh
 .text._ZN8MAX3010526setPulseAmplitudeProximityEh
                0x000007c0        0xc MAX30105.o
                0x000007c0                _ZN8MAX3010526setPulseAmplitudeProximityEh
 .text._ZN8MAX301059clearFIFOEv
                0x000007cc       0x2c MAX30105.o
                0x000007cc                _ZN8MAX301059clearFIFOEv
 .text._ZN8MAX301057bitMaskEhhh
                0x000007f8       0x34 MAX30105.o
                0x000007f8                _ZN8MAX301057bitMaskEhhh
 .text._ZN8MAX301059softResetEv
                0x0000082c       0x64 MAX30105.o
                0x0000082c                _ZN8MAX301059softResetEv
 .text._ZN8MAX3010510setLEDModeEh
                0x00000890        0xa MAX30105.o
                0x00000890                _ZN8MAX3010510setLEDModeEh
 .text._ZN8MAX3010511setADCRangeEh
                0x0000089a        0xa MAX30105.o
                0x0000089a                _ZN8MAX3010511setADCRangeEh
 .text._ZN8MAX3010513setSampleRateEh
                0x000008a4        0xa MAX30105.o
                0x000008a4                _ZN8MAX3010513setSampleRateEh
 .text._ZN8MAX3010513setPulseWidthEh
                0x000008ae        0xa MAX30105.o
                0x000008ae                _ZN8MAX3010513setPulseWidthEh
 .text._ZN8MAX3010514setFIFOAverageEh
                0x000008b8        0xa MAX30105.o
                0x000008b8                _ZN8MAX3010514setFIFOAverageEh
 .text._ZN8MAX3010518enableFIFORolloverEv
                0x000008c2        0xa MAX30105.o
                0x000008c2                _ZN8MAX3010518enableFIFORolloverEv
 .text._ZN8MAX3010510enableSlotEhh
                0x000008cc       0x36 MAX30105.o
                0x000008cc                _ZN8MAX3010510enableSlotEhh
 .text._ZN8MAX301055setupEhhhiii
                0x00000902      0x1b8 MAX30105.o
                0x00000902                _ZN8MAX301055setupEhhhiii
 .text.setup    0x00000aba       0x9e Sketch.o
                0x00000aba                setup
 .text._Z8meanDifffP16meanDiffFilter_t
                0x00000b58       0xc2 Sketch.o
                0x00000b58                _Z8meanDifffP16meanDiffFilter_t
 .text.loop     0x00000c1a      0x246 Sketch.o
                0x00000c1a                loop
 .text.startup._GLOBAL__sub_I_particleSensor
                0x00000e60        0x8 Sketch.o
 .text.avr-libc.fplib
                0x00000e68        0xe c:/program files (x86)/atmel/studio/7.0/toolchain/avr8/avr8-gnu-toolchain/bin/../lib/gcc/avr/5.4.0/../../../../avr/lib/avr5\libm.a(addsf3.o)
                0x00000e68                __subsf3
                0x00000e6a                __addsf3
 .text.avr-libc.fplib
                0x00000e76       0xcc c:/program files (x86)/atmel/studio/7.0/toolchain/avr8/avr8-gnu-toolchain/bin/../lib/gcc/avr/5.4.0/../../../../avr/lib/avr5\libm.a(addsf3x.o)
                0x00000e98                __addsf3x
 .text.avr-libc.fplib
                0x00000f42        0xa c:/program files (x86)/atmel/studio/7.0/toolchain/avr8/avr8-gnu-toolchain/bin/../lib/gcc/avr/5.4.0/../../../../avr/lib/avr5\libm.a(cmpsf2.o)
                0x00000f42                __nesf2
                0x00000f42                __eqsf2
                0x00000f42                __cmpsf2
                0x00000f42                __ltsf2
                0x00000f42                __lesf2
 .text.avr-libc.fplib
                0x00000f4c        0x8 c:/program files (x86)/atmel/studio/7.0/toolchain/avr8/avr8-gnu-toolchain/bin/../lib/gcc/avr/5.4.0/../../../../avr/lib/avr5\libm.a(divsf3.o)
                0x00000f4c                __divsf3
 .text.avr-libc.fplib
                0x00000f54       0xdc c:/program files (x86)/atmel/studio/7.0/toolchain/avr8/avr8-gnu-toolchain/bin/../lib/gcc/avr/5.4.0/../../../../avr/lib/avr5\libm.a(divsf3x.o)
                0x00000f74                __divsf3x
                0x00000f7a                __divsf3_pse
 .text.avr-libc.fplib
                0x00001030       0x5e c:/program files (x86)/atmel/studio/7.0/toolchain/avr8/avr8-gnu-toolchain/bin/../lib/gcc/avr/5.4.0/../../../../avr/lib/avr5\libm.a(fixunssfsi.o)
                0x00001030                __fixunssfsi
 .text.avr-libc.fplib
                0x0000108e       0x7a c:/program files (x86)/atmel/studio/7.0/toolchain/avr8/avr8-gnu-toolchain/bin/../lib/gcc/avr/5.4.0/../../../../avr/lib/avr5\libm.a(floatsisf.o)
                0x0000108e                __floatunsisf
                0x00001092                __floatsisf
 .text.avr-libc.fplib
                0x00001108       0x48 c:/program files (x86)/atmel/studio/7.0/toolchain/avr8/avr8-gnu-toolchain/bin/../lib/gcc/avr/5.4.0/../../../../avr/lib/avr5\libm.a(fp_cmp.o)
                0x00001108                __fp_cmp
 .text.avr-libc.fplib
                0x00001150        0xc c:/program files (x86)/atmel/studio/7.0/toolchain/avr8/avr8-gnu-toolchain/bin/../lib/gcc/avr/5.4.0/../../../../avr/lib/avr5\libm.a(fp_inf.o)
                0x00001150                __fp_inf
 .text.avr-libc.fplib
                0x0000115c        0x6 c:/program files (x86)/atmel/studio/7.0/toolchain/avr8/avr8-gnu-toolchain/bin/../lib/gcc/avr/5.4.0/../../../../avr/lib/avr5\libm.a(fp_nan.o)
                0x0000115c                __fp_nan
 .text.avr-libc.fplib
                0x00001162        0xe c:/program files (x86)/atmel/studio/7.0/toolchain/avr8/avr8-gnu-toolchain/bin/../lib/gcc/avr/5.4.0/../../../../avr/lib/avr5\libm.a(fp_pscA.o)
                0x00001162                __fp_pscA
 .text.avr-libc.fplib
                0x00001170        0xe c:/program files (x86)/atmel/studio/7.0/toolchain/avr8/avr8-gnu-toolchain/bin/../lib/gcc/avr/5.4.0/../../../../avr/lib/avr5\libm.a(fp_pscB.o)
                0x00001170                __fp_pscB
 .text.avr-libc.fplib
                0x0000117e       0x22 c:/program files (x86)/atmel/studio/7.0/toolchain/avr8/avr8-gnu-toolchain/bin/../lib/gcc/avr/5.4.0/../../../../avr/lib/avr5\libm.a(fp_round.o)
                0x0000117e                __fp_round
 .text.avr-libc.fplib
                0x000011a0       0x44 c:/program files (x86)/atmel/studio/7.0/toolchain/avr8/avr8-gnu-toolchain/bin/../lib/gcc/avr/5.4.0/../../../../avr/lib/avr5\libm.a(fp_split3.o)
                0x000011a0                __fp_split3
                0x000011b0                __fp_splitA
 .text.avr-libc.fplib
                0x000011e4        0xe c:/program files (x86)/atmel/studio/7.0/toolchain/avr8/avr8-gnu-toolchain/bin/../lib/gcc/avr/5.4.0/../../../../avr/lib/avr5\libm.a(fp_zero.o)
                0x000011e4                __fp_zero
                0x000011e6                __fp_szero
 .text.avr-libc.fplib
                0x000011f2        0xa c:/program files (x86)/atmel/studio/7.0/toolchain/avr8/avr8-gnu-toolchain/bin/../lib/gcc/avr/5.4.0/../../../../avr/lib/avr5\libm.a(gesf2.o)
                0x000011f2                __gesf2
                0x000011f2                __gtsf2
 .text.avr-libc.fplib
                0x000011fc        0x8 c:/program files (x86)/atmel/studio/7.0/toolchain/avr8/avr8-gnu-toolchain/bin/../lib/gcc/avr/5.4.0/../../../../avr/lib/avr5\libm.a(mulsf3.o)
                0x000011fc                __mulsf3
 .text.avr-libc.fplib
                0x00001204       0xd2 c:/program files (x86)/atmel/studio/7.0/toolchain/avr8/avr8-gnu-toolchain/bin/../lib/gcc/avr/5.4.0/../../../../avr/lib/avr5\libm.a(mulsf3x.o)
                0x00001222                __mulsf3x
                0x00001228                __mulsf3_pse
 .text._ZN14HardwareSerial9availableEv
                0x000012d6       0x18 c:\users\tenni\Documents\Atmel Studio\7.0\FinalArduino5\FinalArduino5\ArduinoCore\Debug\libArduinoCore.a(HardwareSerial.o)
                0x000012d6                _ZN14HardwareSerial9availableEv
 .text._ZN14HardwareSerial4peekEv
                0x000012ee       0x1c c:\users\tenni\Documents\Atmel Studio\7.0\FinalArduino5\FinalArduino5\ArduinoCore\Debug\libArduinoCore.a(HardwareSerial.o)
                0x000012ee                _ZN14HardwareSerial4peekEv
 .text._ZN14HardwareSerial4readEv
                0x0000130a       0x28 c:\users\tenni\Documents\Atmel Studio\7.0\FinalArduino5\FinalArduino5\ArduinoCore\Debug\libArduinoCore.a(HardwareSerial.o)
                0x0000130a                _ZN14HardwareSerial4readEv
 .text._ZN14HardwareSerial17availableForWriteEv
                0x00001332       0x1e c:\users\tenni\Documents\Atmel Studio\7.0\FinalArduino5\FinalArduino5\ArduinoCore\Debug\libArduinoCore.a(HardwareSerial.o)
                0x00001332                _ZN14HardwareSerial17availableForWriteEv
 .text._Z14serialEventRunv
                0x00001350       0x1c c:\users\tenni\Documents\Atmel Studio\7.0\FinalArduino5\FinalArduino5\ArduinoCore\Debug\libArduinoCore.a(HardwareSerial.o)
                0x00001350                _Z14serialEventRunv
 .text._ZN14HardwareSerial17_tx_udr_empty_irqEv
                0x0000136c       0x42 c:\users\tenni\Documents\Atmel Studio\7.0\FinalArduino5\FinalArduino5\ArduinoCore\Debug\libArduinoCore.a(HardwareSerial.o)
                0x0000136c                _ZN14HardwareSerial17_tx_udr_empty_irqEv
 .text._ZN14HardwareSerial5writeEh
                0x000013ae       0x8e c:\users\tenni\Documents\Atmel Studio\7.0\FinalArduino5\FinalArduino5\ArduinoCore\Debug\libArduinoCore.a(HardwareSerial.o)
                0x000013ae                _ZN14HardwareSerial5writeEh
 .text._ZN14HardwareSerial5flushEv
                0x0000143c       0x44 c:\users\tenni\Documents\Atmel Studio\7.0\FinalArduino5\FinalArduino5\ArduinoCore\Debug\libArduinoCore.a(HardwareSerial.o)
                0x0000143c                _ZN14HardwareSerial5flushEv
 .text._ZN14HardwareSerial5beginEmh
                0x00001480       0xca c:\users\tenni\Documents\Atmel Studio\7.0\FinalArduino5\FinalArduino5\ArduinoCore\Debug\libArduinoCore.a(HardwareSerial.o)
                0x00001480                _ZN14HardwareSerial5beginEmh
 .text._ZN5Print17availableForWriteEv
                0x0000154a        0x6 c:\users\tenni\Documents\Atmel Studio\7.0\FinalArduino5\FinalArduino5\ArduinoCore\Debug\libArduinoCore.a(HardwareSerial0.o)
                0x0000154a                _ZN5Print17availableForWriteEv
 .text.__vector_18
                0x00001550       0x64 c:\users\tenni\Documents\Atmel Studio\7.0\FinalArduino5\FinalArduino5\ArduinoCore\Debug\libArduinoCore.a(HardwareSerial0.o)
                0x00001550                __vector_18
 .text.__vector_19
                0x000015b4       0x4c c:\users\tenni\Documents\Atmel Studio\7.0\FinalArduino5\FinalArduino5\ArduinoCore\Debug\libArduinoCore.a(HardwareSerial0.o)
                0x000015b4                __vector_19
 .text._Z17Serial0_availablev
                0x00001600       0x14 c:\users\tenni\Documents\Atmel Studio\7.0\FinalArduino5\FinalArduino5\ArduinoCore\Debug\libArduinoCore.a(HardwareSerial0.o)
                0x00001600                _Z17Serial0_availablev
 .text.startup._GLOBAL__sub_I___vector_18
                0x00001614       0x5a c:\users\tenni\Documents\Atmel Studio\7.0\FinalArduino5\FinalArduino5\ArduinoCore\Debug\libArduinoCore.a(HardwareSerial0.o)
 .text.initVariant
                0x0000166e        0x2 c:\users\tenni\Documents\Atmel Studio\7.0\FinalArduino5\FinalArduino5\ArduinoCore\Debug\libArduinoCore.a(main.o)
                0x0000166e                initVariant
 .text.startup.main
                0x00001670       0x1e c:\users\tenni\Documents\Atmel Studio\7.0\FinalArduino5\FinalArduino5\ArduinoCore\Debug\libArduinoCore.a(main.o)
                0x00001670                main
 .text._ZN5Print5writeEPKhj
                0x0000168e       0x54 c:\users\tenni\Documents\Atmel Studio\7.0\FinalArduino5\FinalArduino5\ArduinoCore\Debug\libArduinoCore.a(Print.o)
                0x0000168e                _ZN5Print5writeEPKhj
 .text._ZN5Print5writeEPKc
                0x000016e2       0x2a c:\users\tenni\Documents\Atmel Studio\7.0\FinalArduino5\FinalArduino5\ArduinoCore\Debug\libArduinoCore.a(Print.o)
                0x000016e2                _ZN5Print5writeEPKc
 .text._ZN5Print5printEPKc
                0x0000170c        0x4 c:\users\tenni\Documents\Atmel Studio\7.0\FinalArduino5\FinalArduino5\ArduinoCore\Debug\libArduinoCore.a(Print.o)
                0x0000170c                _ZN5Print5printEPKc
 .text._ZN5Print5printEc
                0x00001710        0xe c:\users\tenni\Documents\Atmel Studio\7.0\FinalArduino5\FinalArduino5\ArduinoCore\Debug\libArduinoCore.a(Print.o)
                0x00001710                _ZN5Print5printEc
 .text._ZN5Print7printlnEv
                0x0000171e        0x8 c:\users\tenni\Documents\Atmel Studio\7.0\FinalArduino5\FinalArduino5\ArduinoCore\Debug\libArduinoCore.a(Print.o)
                0x0000171e                _ZN5Print7printlnEv
 .text._ZN5Print7printlnEPKc
                0x00001726       0x24 c:\users\tenni\Documents\Atmel Studio\7.0\FinalArduino5\FinalArduino5\ArduinoCore\Debug\libArduinoCore.a(Print.o)
                0x00001726                _ZN5Print7printlnEPKc
 .text._ZN5Print11printNumberEmh
                0x0000174a       0x92 c:\users\tenni\Documents\Atmel Studio\7.0\FinalArduino5\FinalArduino5\ArduinoCore\Debug\libArduinoCore.a(Print.o)
                0x0000174a                _ZN5Print11printNumberEmh
 .text._ZN5Print5printEmi
                0x000017dc       0x1a c:\users\tenni\Documents\Atmel Studio\7.0\FinalArduino5\FinalArduino5\ArduinoCore\Debug\libArduinoCore.a(Print.o)
                0x000017dc                _ZN5Print5printEmi
 .text._ZN5Print5printEji
                0x000017f6        0xc c:\users\tenni\Documents\Atmel Studio\7.0\FinalArduino5\FinalArduino5\ArduinoCore\Debug\libArduinoCore.a(Print.o)
                0x000017f6                _ZN5Print5printEji
 .text._ZN5Print5printEli
                0x00001802       0x90 c:\users\tenni\Documents\Atmel Studio\7.0\FinalArduino5\FinalArduino5\ArduinoCore\Debug\libArduinoCore.a(Print.o)
                0x00001802                _ZN5Print5printEli
 .text._ZN5Print5printEii
                0x00001892        0xe c:\users\tenni\Documents\Atmel Studio\7.0\FinalArduino5\FinalArduino5\ArduinoCore\Debug\libArduinoCore.a(Print.o)
                0x00001892                _ZN5Print5printEii
 .text._ZN5Print10printFloatEdh
                0x000018a0      0x1b6 c:\users\tenni\Documents\Atmel Studio\7.0\FinalArduino5\FinalArduino5\ArduinoCore\Debug\libArduinoCore.a(Print.o)
                0x000018a0                _ZN5Print10printFloatEdh
 .text._ZN5Print5printEdi
                0x00001a56        0x4 c:\users\tenni\Documents\Atmel Studio\7.0\FinalArduino5\FinalArduino5\ArduinoCore\Debug\libArduinoCore.a(Print.o)
                0x00001a56                _ZN5Print5printEdi
 .text.__vector_16
                0x00001a5a       0x94 c:\users\tenni\Documents\Atmel Studio\7.0\FinalArduino5\FinalArduino5\ArduinoCore\Debug\libArduinoCore.a(wiring.o)
                0x00001a5a                __vector_16
 .text.millis   0x00001aee       0x18 c:\users\tenni\Documents\Atmel Studio\7.0\FinalArduino5\FinalArduino5\ArduinoCore\Debug\libArduinoCore.a(wiring.o)
                0x00001aee                millis
 .text.micros   0x00001b06       0x4a c:\users\tenni\Documents\Atmel Studio\7.0\FinalArduino5\FinalArduino5\ArduinoCore\Debug\libArduinoCore.a(wiring.o)
                0x00001b06                micros
 .text.delay    0x00001b50       0x78 c:\users\tenni\Documents\Atmel Studio\7.0\FinalArduino5\FinalArduino5\ArduinoCore\Debug\libArduinoCore.a(wiring.o)
                0x00001b50                delay
 .text.init     0x00001bc8       0x76 c:\users\tenni\Documents\Atmel Studio\7.0\FinalArduino5\FinalArduino5\ArduinoCore\Debug\libArduinoCore.a(wiring.o)
                0x00001bc8                init
 .text._ZN7TwoWire9availableEv
                0x00001c3e       0x10 c:\users\tenni\Documents\Atmel Studio\7.0\FinalArduino5\FinalArduino5\ArduinoCore\Debug\libArduinoCore.a(Wire.o)
                0x00001c3e                _ZN7TwoWire9availableEv
 .text._ZN7TwoWire4readEv
                0x00001c4e       0x28 c:\users\tenni\Documents\Atmel Studio\7.0\FinalArduino5\FinalArduino5\ArduinoCore\Debug\libArduinoCore.a(Wire.o)
                0x00001c4e                _ZN7TwoWire4readEv
 .text._ZN7TwoWire4peekEv
                0x00001c76       0x1e c:\users\tenni\Documents\Atmel Studio\7.0\FinalArduino5\FinalArduino5\ArduinoCore\Debug\libArduinoCore.a(Wire.o)
                0x00001c76                _ZN7TwoWire4peekEv
 .text._ZN7TwoWire5flushEv
                0x00001c94        0x2 c:\users\tenni\Documents\Atmel Studio\7.0\FinalArduino5\FinalArduino5\ArduinoCore\Debug\libArduinoCore.a(Wire.o)
                0x00001c94                _ZN7TwoWire5flushEv
 .text._ZN7TwoWire5writeEPKhj
                0x00001c96       0x5a c:\users\tenni\Documents\Atmel Studio\7.0\FinalArduino5\FinalArduino5\ArduinoCore\Debug\libArduinoCore.a(Wire.o)
                0x00001c96                _ZN7TwoWire5writeEPKhj
 .text._ZN7TwoWire5writeEh
                0x00001cf0       0x5e c:\users\tenni\Documents\Atmel Studio\7.0\FinalArduino5\FinalArduino5\ArduinoCore\Debug\libArduinoCore.a(Wire.o)
                0x00001cf0                _ZN7TwoWire5writeEh
 .text._ZN7TwoWireC2Ev
                0x00001d4e       0x20 c:\users\tenni\Documents\Atmel Studio\7.0\FinalArduino5\FinalArduino5\ArduinoCore\Debug\libArduinoCore.a(Wire.o)
                0x00001d4e                _ZN7TwoWireC1Ev
                0x00001d4e                _ZN7TwoWireC2Ev
 .text._ZN7TwoWire5beginEv
                0x00001d6e       0x14 c:\users\tenni\Documents\Atmel Studio\7.0\FinalArduino5\FinalArduino5\ArduinoCore\Debug\libArduinoCore.a(Wire.o)
                0x00001d6e                _ZN7TwoWire5beginEv
 .text._ZN7TwoWire8setClockEm
                0x00001d82        0x8 c:\users\tenni\Documents\Atmel Studio\7.0\FinalArduino5\FinalArduino5\ArduinoCore\Debug\libArduinoCore.a(Wire.o)
                0x00001d82                _ZN7TwoWire8setClockEm
 .text._ZN7TwoWire17beginTransmissionEh
                0x00001d8a       0x14 c:\users\tenni\Documents\Atmel Studio\7.0\FinalArduino5\FinalArduino5\ArduinoCore\Debug\libArduinoCore.a(Wire.o)
                0x00001d8a                _ZN7TwoWire17beginTransmissionEh
 .text._ZN7TwoWire17beginTransmissionEi
                0x00001d9e        0x4 c:\users\tenni\Documents\Atmel Studio\7.0\FinalArduino5\FinalArduino5\ArduinoCore\Debug\libArduinoCore.a(Wire.o)
                0x00001d9e                _ZN7TwoWire17beginTransmissionEi
 .text._ZN7TwoWire15endTransmissionEh
                0x00001da2       0x26 c:\users\tenni\Documents\Atmel Studio\7.0\FinalArduino5\FinalArduino5\ArduinoCore\Debug\libArduinoCore.a(Wire.o)
                0x00001da2                _ZN7TwoWire15endTransmissionEh
 .text._ZN7TwoWire11requestFromEhhmhh
                0x00001dc8       0xa8 c:\users\tenni\Documents\Atmel Studio\7.0\FinalArduino5\FinalArduino5\ArduinoCore\Debug\libArduinoCore.a(Wire.o)
                0x00001dc8                _ZN7TwoWire11requestFromEhhmhh
 .text._ZN7TwoWire11requestFromEhhh
                0x00001e70       0x20 c:\users\tenni\Documents\Atmel Studio\7.0\FinalArduino5\FinalArduino5\ArduinoCore\Debug\libArduinoCore.a(Wire.o)
                0x00001e70                _ZN7TwoWire11requestFromEhhh
 .text._ZN7TwoWire11requestFromEii
                0x00001e90        0x6 c:\users\tenni\Documents\Atmel Studio\7.0\FinalArduino5\FinalArduino5\ArduinoCore\Debug\libArduinoCore.a(Wire.o)
                0x00001e90                _ZN7TwoWire11requestFromEii
 .text._ZN7TwoWire15endTransmissionEv
                0x00001e96        0x6 c:\users\tenni\Documents\Atmel Studio\7.0\FinalArduino5\FinalArduino5\ArduinoCore\Debug\libArduinoCore.a(Wire.o)
                0x00001e96                _ZN7TwoWire15endTransmissionEv
 .text.startup._GLOBAL__sub_I__ZN7TwoWire8rxBufferE
                0x00001e9c        0x8 c:\users\tenni\Documents\Atmel Studio\7.0\FinalArduino5\FinalArduino5\ArduinoCore\Debug\libArduinoCore.a(Wire.o)
 .text.__empty  0x00001ea4        0x2 c:\users\tenni\Documents\Atmel Studio\7.0\FinalArduino5\FinalArduino5\ArduinoCore\Debug\libArduinoCore.a(hooks.o)
                0x00001ea4                yield
 .text.twi_init
                0x00001ea6       0x3c c:\users\tenni\Documents\Atmel Studio\7.0\FinalArduino5\FinalArduino5\ArduinoCore\Debug\libArduinoCore.a(twi.o)
                0x00001ea6                twi_init
 .text.twi_setFrequency
                0x00001ee2       0x28 c:\users\tenni\Documents\Atmel Studio\7.0\FinalArduino5\FinalArduino5\ArduinoCore\Debug\libArduinoCore.a(twi.o)
                0x00001ee2                twi_setFrequency
 .text.twi_readFrom
                0x00001f0a       0x90 c:\users\tenni\Documents\Atmel Studio\7.0\FinalArduino5\FinalArduino5\ArduinoCore\Debug\libArduinoCore.a(twi.o)
                0x00001f0a                twi_readFrom
 .text.twi_writeTo
                0x00001f9a       0xac c:\users\tenni\Documents\Atmel Studio\7.0\FinalArduino5\FinalArduino5\ArduinoCore\Debug\libArduinoCore.a(twi.o)
                0x00001f9a                twi_writeTo
 .text.twi_transmit
                0x00002046       0x50 c:\users\tenni\Documents\Atmel Studio\7.0\FinalArduino5\FinalArduino5\ArduinoCore\Debug\libArduinoCore.a(twi.o)
                0x00002046                twi_transmit
 .text.twi_stop
                0x00002096       0x14 c:\users\tenni\Documents\Atmel Studio\7.0\FinalArduino5\FinalArduino5\ArduinoCore\Debug\libArduinoCore.a(twi.o)
                0x00002096                twi_stop
 .text.twi_releaseBus
                0x000020aa        0xc c:\users\tenni\Documents\Atmel Studio\7.0\FinalArduino5\FinalArduino5\ArduinoCore\Debug\libArduinoCore.a(twi.o)
                0x000020aa                twi_releaseBus
 .text.__vector_24
                0x000020b6      0x25a c:\users\tenni\Documents\Atmel Studio\7.0\FinalArduino5\FinalArduino5\ArduinoCore\Debug\libArduinoCore.a(twi.o)
                0x000020b6                __vector_24
 .text.turnOffPWM
                0x00002310       0x52 c:\users\tenni\Documents\Atmel Studio\7.0\FinalArduino5\FinalArduino5\ArduinoCore\Debug\libArduinoCore.a(wiring_digital.o)
 .text.digitalWrite
                0x00002362       0x5e c:\users\tenni\Documents\Atmel Studio\7.0\FinalArduino5\FinalArduino5\ArduinoCore\Debug\libArduinoCore.a(wiring_digital.o)
                0x00002362                digitalWrite
 .text.avr-libc.fplib
                0x000023c0        0xa c:/program files (x86)/atmel/studio/7.0/toolchain/avr8/avr8-gnu-toolchain/bin/../lib/gcc/avr/5.4.0/../../../../avr/lib/avr5\libm.a(unordsf2.o)
                0x000023c0                __unordsf2
 .text.libgcc.div
                0x000023ca       0x18 c:/program files (x86)/atmel/studio/7.0/toolchain/avr8/avr8-gnu-toolchain/bin/../lib/gcc/avr/5.4.0/avr5\libgcc.a(_udivmodqi4.o)
                0x000023ca                __udivmodqi4
 .text.libgcc.div
                0x000023e2       0x28 c:/program files (x86)/atmel/studio/7.0/toolchain/avr8/avr8-gnu-toolchain/bin/../lib/gcc/avr/5.4.0/avr5\libgcc.a(_divmodhi4.o)
                0x000023e2                _div
                0x000023e2                __divmodhi4
 .text.libgcc.div
                0x0000240a       0x44 c:/program files (x86)/atmel/studio/7.0/toolchain/avr8/avr8-gnu-toolchain/bin/../lib/gcc/avr/5.4.0/avr5\libgcc.a(_udivmodsi4.o)
                0x0000240a                __udivmodsi4
 .text.libgcc.mul
                0x0000244e       0x10 c:/program files (x86)/atmel/studio/7.0/toolchain/avr8/avr8-gnu-toolchain/bin/../lib/gcc/avr/5.4.0/avr5\libgcc.a(_mulhisi3.o)
                0x0000244e                __mulhisi3
 .text.libgcc.mul
                0x0000245e       0x1e c:/program files (x86)/atmel/studio/7.0/toolchain/avr8/avr8-gnu-toolchain/bin/../lib/gcc/avr/5.4.0/avr5\libgcc.a(_umulhisi3.o)
                0x0000245e                __umulhisi3
 .text.libgcc.mul
                0x0000247c        0xe c:/program files (x86)/atmel/studio/7.0/toolchain/avr8/avr8-gnu-toolchain/bin/../lib/gcc/avr/5.4.0/avr5\libgcc.a(_usmulhisi3.o)
                0x0000247c                __usmulhisi3
                0x00002480                __usmulhisi3_tail
 .text.libgcc.div
                0x0000248a       0x28 c:/program files (x86)/atmel/studio/7.0/toolchain/avr8/avr8-gnu-toolchain/bin/../lib/gcc/avr/5.4.0/avr5\libgcc.a(_udivmodhi4.o)
                0x0000248a                __udivmodhi4
 .text.libgcc   0x000024b2        0xc c:/program files (x86)/atmel/studio/7.0/toolchain/avr8/avr8-gnu-toolchain/bin/../lib/gcc/avr/5.4.0/avr5\libgcc.a(_tablejump2.o)
                0x000024b2                __tablejump2__
                0x000024be                . = ALIGN (0x2)
 *(.fini9)
 .fini9         0x000024be        0x0 c:/program files (x86)/atmel/studio/7.0/toolchain/avr8/avr8-gnu-toolchain/bin/../lib/gcc/avr/5.4.0/avr5\libgcc.a(_exit.o)
                0x000024be                _exit
                0x000024be                exit
 *(.fini9)
 *(.fini8)
 *(.fini8)
 *(.fini7)
 *(.fini7)
 *(.fini6)
 *(.fini6)
 *(.fini5)
 *(.fini5)
 *(.fini4)
 *(.fini4)
 *(.fini3)
 *(.fini3)
 *(.fini2)
 *(.fini2)
 *(.fini1)
 *(.fini1)
 *(.fini0)
 .fini0         0x000024be        0x4 c:/program files (x86)/atmel/studio/7.0/toolchain/avr8/avr8-gnu-toolchain/bin/../lib/gcc/avr/5.4.0/avr5\libgcc.a(_exit.o)
 *(.fini0)
                0x000024c2                _etext = .

.data           0x00800100      0x10c load address 0x000024c2
                0x00800100                PROVIDE (__data_start, .)
 *(.data)
 *(.data*)
 .data.IR_AC_Min
                0x00800100        0x2 heartRate.o
                0x00800100                IR_AC_Min
 .data.IR_AC_Max
                0x00800102        0x2 heartRate.o
                0x00800102                IR_AC_Max
 *(.gnu.linkonce.d*)
 *(.rodata)
 *(.rodata*)
 .rodata._ZL9FIRCoeffs
                0x00800104       0x18 heartRate.o
 .rodata.str1.1
                0x0080011c       0xbc Sketch.o
 .rodata._ZTV14HardwareSerial
                0x008001d8       0x12 c:\users\tenni\Documents\Atmel Studio\7.0\FinalArduino5\FinalArduino5\ArduinoCore\Debug\libArduinoCore.a(HardwareSerial.o)
                0x008001d8                _ZTV14HardwareSerial
 .rodata.str1.1
                0x008001ea        0xf c:\users\tenni\Documents\Atmel Studio\7.0\FinalArduino5\FinalArduino5\ArduinoCore\Debug\libArduinoCore.a(Print.o)
 .rodata._ZTV7TwoWire
                0x008001f9       0x12 c:\users\tenni\Documents\Atmel Studio\7.0\FinalArduino5\FinalArduino5\ArduinoCore\Debug\libArduinoCore.a(Wire.o)
                0x008001f9                _ZTV7TwoWire
 *(.gnu.linkonce.r*)
                0x0080020c                . = ALIGN (0x2)
 *fill*         0x0080020b        0x1 
                0x0080020c                _edata = .
                0x0080020c                PROVIDE (__data_end, .)

.bss            0x0080020c      0x249
                0x0080020c                PROVIDE (__bss_start, .)
 *(.bss)
 *(.bss*)
 .bss.offset    0x0080020c        0x1 heartRate.o
                0x0080020c                offset
 .bss.cbuf      0x0080020d       0x40 heartRate.o
                0x0080020d                cbuf
 .bss.ir_avg_reg
                0x0080024d        0x4 heartRate.o
                0x0080024d                ir_avg_reg
 .bss.negativeEdge
                0x00800251        0x2 heartRate.o
                0x00800251                negativeEdge
 .bss.positiveEdge
                0x00800253        0x2 heartRate.o
                0x00800253                positiveEdge
 .bss.IR_Average_Estimated
                0x00800255        0x2 heartRate.o
                0x00800255                IR_Average_Estimated
 .bss.IR_AC_Signal_max
                0x00800257        0x2 heartRate.o
                0x00800257                IR_AC_Signal_max
 .bss.IR_AC_Signal_min
                0x00800259        0x2 heartRate.o
                0x00800259                IR_AC_Signal_min
 .bss.IR_AC_Signal_Previous
                0x0080025b        0x2 heartRate.o
                0x0080025b                IR_AC_Signal_Previous
 .bss.IR_AC_Signal_Current
                0x0080025d        0x2 heartRate.o
                0x0080025d                IR_AC_Signal_Current
 .bss.sense     0x0080025f       0x32 MAX30105.o
                0x0080025f                sense
 .bss.beatAvg   0x00800291        0x2 Sketch.o
                0x00800291                beatAvg
 .bss.beatsPerMinute
                0x00800293        0x4 Sketch.o
                0x00800293                beatsPerMinute
 .bss.lastBeat  0x00800297        0x4 Sketch.o
                0x00800297                lastBeat
 .bss.rateSpot  0x0080029b        0x1 Sketch.o
                0x0080029b                rateSpot
 .bss.rates     0x0080029c        0x4 Sketch.o
                0x0080029c                rates
 .bss.meanDiffIR
                0x008002a0       0x42 Sketch.o
                0x008002a0                meanDiffIR
 .bss.dcFilterIR
                0x008002e2        0x8 Sketch.o
                0x008002e2                dcFilterIR
 .bss.particleSensor
                0x008002ea        0x5 Sketch.o
                0x008002ea                particleSensor
 .bss.Serial    0x008002ef       0x9d c:\users\tenni\Documents\Atmel Studio\7.0\FinalArduino5\FinalArduino5\ArduinoCore\Debug\libArduinoCore.a(HardwareSerial0.o)
                0x008002ef                Serial
 .bss.timer0_fract
                0x0080038c        0x1 c:\users\tenni\Documents\Atmel Studio\7.0\FinalArduino5\FinalArduino5\ArduinoCore\Debug\libArduinoCore.a(wiring.o)
 .bss.timer0_millis
                0x0080038d        0x4 c:\users\tenni\Documents\Atmel Studio\7.0\FinalArduino5\FinalArduino5\ArduinoCore\Debug\libArduinoCore.a(wiring.o)
                0x0080038d                timer0_millis
 .bss.timer0_overflow_count
                0x00800391        0x4 c:\users\tenni\Documents\Atmel Studio\7.0\FinalArduino5\FinalArduino5\ArduinoCore\Debug\libArduinoCore.a(wiring.o)
                0x00800391                timer0_overflow_count
 .bss.Wire      0x00800395        0xc c:\users\tenni\Documents\Atmel Studio\7.0\FinalArduino5\FinalArduino5\ArduinoCore\Debug\libArduinoCore.a(Wire.o)
                0x00800395                Wire
 .bss._ZN7TwoWire12transmittingE
                0x008003a1        0x1 c:\users\tenni\Documents\Atmel Studio\7.0\FinalArduino5\FinalArduino5\ArduinoCore\Debug\libArduinoCore.a(Wire.o)
                0x008003a1                _ZN7TwoWire12transmittingE
 .bss._ZN7TwoWire14txBufferLengthE
                0x008003a2        0x1 c:\users\tenni\Documents\Atmel Studio\7.0\FinalArduino5\FinalArduino5\ArduinoCore\Debug\libArduinoCore.a(Wire.o)
                0x008003a2                _ZN7TwoWire14txBufferLengthE
 .bss._ZN7TwoWire13txBufferIndexE
                0x008003a3        0x1 c:\users\tenni\Documents\Atmel Studio\7.0\FinalArduino5\FinalArduino5\ArduinoCore\Debug\libArduinoCore.a(Wire.o)
                0x008003a3                _ZN7TwoWire13txBufferIndexE
 .bss._ZN7TwoWire8txBufferE
                0x008003a4       0x20 c:\users\tenni\Documents\Atmel Studio\7.0\FinalArduino5\FinalArduino5\ArduinoCore\Debug\libArduinoCore.a(Wire.o)
                0x008003a4                _ZN7TwoWire8txBufferE
 .bss._ZN7TwoWire9txAddressE
                0x008003c4        0x1 c:\users\tenni\Documents\Atmel Studio\7.0\FinalArduino5\FinalArduino5\ArduinoCore\Debug\libArduinoCore.a(Wire.o)
                0x008003c4                _ZN7TwoWire9txAddressE
 .bss._ZN7TwoWire14rxBufferLengthE
                0x008003c5        0x1 c:\users\tenni\Documents\Atmel Studio\7.0\FinalArduino5\FinalArduino5\ArduinoCore\Debug\libArduinoCore.a(Wire.o)
                0x008003c5                _ZN7TwoWire14rxBufferLengthE
 .bss._ZN7TwoWire13rxBufferIndexE
                0x008003c6        0x1 c:\users\tenni\Documents\Atmel Studio\7.0\FinalArduino5\FinalArduino5\ArduinoCore\Debug\libArduinoCore.a(Wire.o)
                0x008003c6                _ZN7TwoWire13rxBufferIndexE
 .bss._ZN7TwoWire8rxBufferE
                0x008003c7       0x20 c:\users\tenni\Documents\Atmel Studio\7.0\FinalArduino5\FinalArduino5\ArduinoCore\Debug\libArduinoCore.a(Wire.o)
                0x008003c7                _ZN7TwoWire8rxBufferE
 .bss.twi_error
                0x008003e7        0x1 c:\users\tenni\Documents\Atmel Studio\7.0\FinalArduino5\FinalArduino5\ArduinoCore\Debug\libArduinoCore.a(twi.o)
 .bss.twi_rxBufferIndex
                0x008003e8        0x1 c:\users\tenni\Documents\Atmel Studio\7.0\FinalArduino5\FinalArduino5\ArduinoCore\Debug\libArduinoCore.a(twi.o)
 .bss.twi_rxBuffer
                0x008003e9       0x20 c:\users\tenni\Documents\Atmel Studio\7.0\FinalArduino5\FinalArduino5\ArduinoCore\Debug\libArduinoCore.a(twi.o)
 .bss.twi_txBufferLength
                0x00800409        0x1 c:\users\tenni\Documents\Atmel Studio\7.0\FinalArduino5\FinalArduino5\ArduinoCore\Debug\libArduinoCore.a(twi.o)
 .bss.twi_txBufferIndex
                0x0080040a        0x1 c:\users\tenni\Documents\Atmel Studio\7.0\FinalArduino5\FinalArduino5\ArduinoCore\Debug\libArduinoCore.a(twi.o)
 .bss.twi_txBuffer
                0x0080040b       0x20 c:\users\tenni\Documents\Atmel Studio\7.0\FinalArduino5\FinalArduino5\ArduinoCore\Debug\libArduinoCore.a(twi.o)
 .bss.twi_masterBufferLength
                0x0080042b        0x1 c:\users\tenni\Documents\Atmel Studio\7.0\FinalArduino5\FinalArduino5\ArduinoCore\Debug\libArduinoCore.a(twi.o)
 .bss.twi_masterBufferIndex
                0x0080042c        0x1 c:\users\tenni\Documents\Atmel Studio\7.0\FinalArduino5\FinalArduino5\ArduinoCore\Debug\libArduinoCore.a(twi.o)
 .bss.twi_masterBuffer
                0x0080042d       0x20 c:\users\tenni\Documents\Atmel Studio\7.0\FinalArduino5\FinalArduino5\ArduinoCore\Debug\libArduinoCore.a(twi.o)
 .bss.twi_onSlaveReceive
                0x0080044d        0x2 c:\users\tenni\Documents\Atmel Studio\7.0\FinalArduino5\FinalArduino5\ArduinoCore\Debug\libArduinoCore.a(twi.o)
 .bss.twi_onSlaveTransmit
                0x0080044f        0x2 c:\users\tenni\Documents\Atmel Studio\7.0\FinalArduino5\FinalArduino5\ArduinoCore\Debug\libArduinoCore.a(twi.o)
 .bss.twi_inRepStart
                0x00800451        0x1 c:\users\tenni\Documents\Atmel Studio\7.0\FinalArduino5\FinalArduino5\ArduinoCore\Debug\libArduinoCore.a(twi.o)
 .bss.twi_sendStop
                0x00800452        0x1 c:\users\tenni\Documents\Atmel Studio\7.0\FinalArduino5\FinalArduino5\ArduinoCore\Debug\libArduinoCore.a(twi.o)
 .bss.twi_slarw
                0x00800453        0x1 c:\users\tenni\Documents\Atmel Studio\7.0\FinalArduino5\FinalArduino5\ArduinoCore\Debug\libArduinoCore.a(twi.o)
 .bss.twi_state
                0x00800454        0x1 c:\users\tenni\Documents\Atmel Studio\7.0\FinalArduino5\FinalArduino5\ArduinoCore\Debug\libArduinoCore.a(twi.o)
 *(COMMON)
                0x00800455                PROVIDE (__bss_end, .)
                0x000024c2                __data_load_start = LOADADDR (.data)
                0x000025ce                __data_load_end = (__data_load_start + SIZEOF (.data))

.noinit         0x00800455        0x0
                [!provide]                PROVIDE (__noinit_start, .)
 *(.noinit*)
                [!provide]                PROVIDE (__noinit_end, .)
                0x00800455                _end = .
                [!provide]                PROVIDE (__heap_start, .)

.eeprom         0x00810000        0x0
 *(.eeprom*)
                0x00810000                __eeprom_end = .

.fuse
 *(.fuse)
 *(.lfuse)
 *(.hfuse)
 *(.efuse)

.lock
 *(.lock*)

.signature
 *(.signature*)

.user_signatures
 *(.user_signatures*)

.stab
 *(.stab)

.stabstr
 *(.stabstr)

.stab.excl
 *(.stab.excl)

.stab.exclstr
 *(.stab.exclstr)

.stab.index
 *(.stab.index)

.stab.indexstr
 *(.stab.indexstr)

.comment        0x00000000       0x30
 *(.comment)
 .comment       0x00000000       0x30 heartRate.o
                                 0x31 (size before relaxing)
 .comment       0x00000030       0x31 MAX30105.o
 .comment       0x00000030       0x31 Sketch.o
 .comment       0x00000030       0x31 c:\users\tenni\Documents\Atmel Studio\7.0\FinalArduino5\FinalArduino5\ArduinoCore\Debug\libArduinoCore.a(HardwareSerial.o)
 .comment       0x00000030       0x31 c:\users\tenni\Documents\Atmel Studio\7.0\FinalArduino5\FinalArduino5\ArduinoCore\Debug\libArduinoCore.a(HardwareSerial0.o)
 .comment       0x00000030       0x31 c:\users\tenni\Documents\Atmel Studio\7.0\FinalArduino5\FinalArduino5\ArduinoCore\Debug\libArduinoCore.a(main.o)
 .comment       0x00000030       0x31 c:\users\tenni\Documents\Atmel Studio\7.0\FinalArduino5\FinalArduino5\ArduinoCore\Debug\libArduinoCore.a(Print.o)
 .comment       0x00000030       0x31 c:\users\tenni\Documents\Atmel Studio\7.0\FinalArduino5\FinalArduino5\ArduinoCore\Debug\libArduinoCore.a(wiring.o)
 .comment       0x00000030       0x31 c:\users\tenni\Documents\Atmel Studio\7.0\FinalArduino5\FinalArduino5\ArduinoCore\Debug\libArduinoCore.a(Wire.o)
 .comment       0x00000030       0x31 c:\users\tenni\Documents\Atmel Studio\7.0\FinalArduino5\FinalArduino5\ArduinoCore\Debug\libArduinoCore.a(hooks.o)
 .comment       0x00000030       0x31 c:\users\tenni\Documents\Atmel Studio\7.0\FinalArduino5\FinalArduino5\ArduinoCore\Debug\libArduinoCore.a(twi.o)
 .comment       0x00000030       0x31 c:\users\tenni\Documents\Atmel Studio\7.0\FinalArduino5\FinalArduino5\ArduinoCore\Debug\libArduinoCore.a(wiring_digital.o)

.note.gnu.avr.deviceinfo
                0x00000000       0x40
 .note.gnu.avr.deviceinfo
                0x00000000       0x40 C:/Program Files (x86)/Atmel/Studio/7.0/Packs/atmel/ATmega_DFP/1.2.150/gcc/dev/atmega328p/avr5/crtatmega328p.o

.note.gnu.build-id
 *(.note.gnu.build-id)

.debug
 *(.debug)

.line
 *(.line)

.debug_srcinfo
 *(.debug_srcinfo)

.debug_sfnames
 *(.debug_sfnames)

.debug_aranges  0x00000000      0x638
 *(.debug_aranges)
 .debug_aranges
                0x00000000       0x38 heartRate.o
 .debug_aranges
                0x00000038      0x1c8 MAX30105.o
 .debug_aranges
                0x00000200       0x40 Sketch.o
 .debug_aranges
                0x00000240       0x68 c:\users\tenni\Documents\Atmel Studio\7.0\FinalArduino5\FinalArduino5\ArduinoCore\Debug\libArduinoCore.a(HardwareSerial.o)
 .debug_aranges
                0x000002a8       0x48 c:\users\tenni\Documents\Atmel Studio\7.0\FinalArduino5\FinalArduino5\ArduinoCore\Debug\libArduinoCore.a(HardwareSerial0.o)
 .debug_aranges
                0x000002f0       0x30 c:\users\tenni\Documents\Atmel Studio\7.0\FinalArduino5\FinalArduino5\ArduinoCore\Debug\libArduinoCore.a(main.o)
 .debug_aranges
                0x00000320      0x100 c:\users\tenni\Documents\Atmel Studio\7.0\FinalArduino5\FinalArduino5\ArduinoCore\Debug\libArduinoCore.a(Print.o)
 .debug_aranges
                0x00000420       0x48 c:\users\tenni\Documents\Atmel Studio\7.0\FinalArduino5\FinalArduino5\ArduinoCore\Debug\libArduinoCore.a(wiring.o)
 .debug_aranges
                0x00000468       0xf8 c:\users\tenni\Documents\Atmel Studio\7.0\FinalArduino5\FinalArduino5\ArduinoCore\Debug\libArduinoCore.a(Wire.o)
 .debug_aranges
                0x00000560       0x20 c:\users\tenni\Documents\Atmel Studio\7.0\FinalArduino5\FinalArduino5\ArduinoCore\Debug\libArduinoCore.a(hooks.o)
 .debug_aranges
                0x00000580       0x80 c:\users\tenni\Documents\Atmel Studio\7.0\FinalArduino5\FinalArduino5\ArduinoCore\Debug\libArduinoCore.a(twi.o)
 .debug_aranges
                0x00000600       0x38 c:\users\tenni\Documents\Atmel Studio\7.0\FinalArduino5\FinalArduino5\ArduinoCore\Debug\libArduinoCore.a(wiring_digital.o)

.debug_pubnames
 *(.debug_pubnames)

.debug_info     0x00000000     0xddf7
 *(.debug_info .gnu.linkonce.wi.*)
 .debug_info    0x00000000      0x5f4 C:/Program Files (x86)/Atmel/Studio/7.0/Packs/atmel/ATmega_DFP/1.2.150/gcc/dev/atmega328p/avr5/crtatmega328p.o
 .debug_info    0x000005f4      0x423 heartRate.o
 .debug_info    0x00000a17     0x26f4 MAX30105.o
 .debug_info    0x0000310b     0x1158 Sketch.o
 .debug_info    0x00004263     0x1e89 c:\users\tenni\Documents\Atmel Studio\7.0\FinalArduino5\FinalArduino5\ArduinoCore\Debug\libArduinoCore.a(HardwareSerial.o)
 .debug_info    0x000060ec     0x1b16 c:\users\tenni\Documents\Atmel Studio\7.0\FinalArduino5\FinalArduino5\ArduinoCore\Debug\libArduinoCore.a(HardwareSerial0.o)
 .debug_info    0x00007c02      0x237 c:\users\tenni\Documents\Atmel Studio\7.0\FinalArduino5\FinalArduino5\ArduinoCore\Debug\libArduinoCore.a(main.o)
 .debug_info    0x00007e39     0x28ff c:\users\tenni\Documents\Atmel Studio\7.0\FinalArduino5\FinalArduino5\ArduinoCore\Debug\libArduinoCore.a(Print.o)
 .debug_info    0x0000a738      0x2cb c:\users\tenni\Documents\Atmel Studio\7.0\FinalArduino5\FinalArduino5\ArduinoCore\Debug\libArduinoCore.a(wiring.o)
 .debug_info    0x0000aa03     0x27b4 c:\users\tenni\Documents\Atmel Studio\7.0\FinalArduino5\FinalArduino5\ArduinoCore\Debug\libArduinoCore.a(Wire.o)
 .debug_info    0x0000d1b7       0x3e c:\users\tenni\Documents\Atmel Studio\7.0\FinalArduino5\FinalArduino5\ArduinoCore\Debug\libArduinoCore.a(hooks.o)
 .debug_info    0x0000d1f5      0x604 c:\users\tenni\Documents\Atmel Studio\7.0\FinalArduino5\FinalArduino5\ArduinoCore\Debug\libArduinoCore.a(twi.o)
 .debug_info    0x0000d7f9      0x5fe c:\users\tenni\Documents\Atmel Studio\7.0\FinalArduino5\FinalArduino5\ArduinoCore\Debug\libArduinoCore.a(wiring_digital.o)

.debug_abbrev   0x00000000     0x26fc
 *(.debug_abbrev)
 .debug_abbrev  0x00000000      0x5a2 C:/Program Files (x86)/Atmel/Studio/7.0/Packs/atmel/ATmega_DFP/1.2.150/gcc/dev/atmega328p/avr5/crtatmega328p.o
 .debug_abbrev  0x000005a2      0x1b8 heartRate.o
 .debug_abbrev  0x0000075a      0x3c3 MAX30105.o
 .debug_abbrev  0x00000b1d      0x38c Sketch.o
 .debug_abbrev  0x00000ea9      0x432 c:\users\tenni\Documents\Atmel Studio\7.0\FinalArduino5\FinalArduino5\ArduinoCore\Debug\libArduinoCore.a(HardwareSerial.o)
 .debug_abbrev  0x000012db      0x3ce c:\users\tenni\Documents\Atmel Studio\7.0\FinalArduino5\FinalArduino5\ArduinoCore\Debug\libArduinoCore.a(HardwareSerial0.o)
 .debug_abbrev  0x000016a9      0x12d c:\users\tenni\Documents\Atmel Studio\7.0\FinalArduino5\FinalArduino5\ArduinoCore\Debug\libArduinoCore.a(main.o)
 .debug_abbrev  0x000017d6      0x47a c:\users\tenni\Documents\Atmel Studio\7.0\FinalArduino5\FinalArduino5\ArduinoCore\Debug\libArduinoCore.a(Print.o)
 .debug_abbrev  0x00001c50      0x146 c:\users\tenni\Documents\Atmel Studio\7.0\FinalArduino5\FinalArduino5\ArduinoCore\Debug\libArduinoCore.a(wiring.o)
 .debug_abbrev  0x00001d96      0x581 c:\users\tenni\Documents\Atmel Studio\7.0\FinalArduino5\FinalArduino5\ArduinoCore\Debug\libArduinoCore.a(Wire.o)
 .debug_abbrev  0x00002317       0x2a c:\users\tenni\Documents\Atmel Studio\7.0\FinalArduino5\FinalArduino5\ArduinoCore\Debug\libArduinoCore.a(hooks.o)
 .debug_abbrev  0x00002341      0x260 c:\users\tenni\Documents\Atmel Studio\7.0\FinalArduino5\FinalArduino5\ArduinoCore\Debug\libArduinoCore.a(twi.o)
 .debug_abbrev  0x000025a1      0x15b c:\users\tenni\Documents\Atmel Studio\7.0\FinalArduino5\FinalArduino5\ArduinoCore\Debug\libArduinoCore.a(wiring_digital.o)

.debug_line     0x00000000     0x30ef
 *(.debug_line .debug_line.* .debug_line_end)
 .debug_line    0x00000000      0x133 C:/Program Files (x86)/Atmel/Studio/7.0/Packs/atmel/ATmega_DFP/1.2.150/gcc/dev/atmega328p/avr5/crtatmega328p.o
 .debug_line    0x00000133      0x217 heartRate.o
 .debug_line    0x0000034a      0xb7b MAX30105.o
 .debug_line    0x00000ec5      0x381 Sketch.o
 .debug_line    0x00001246      0x426 c:\users\tenni\Documents\Atmel Studio\7.0\FinalArduino5\FinalArduino5\ArduinoCore\Debug\libArduinoCore.a(HardwareSerial.o)
 .debug_line    0x0000166c      0x28c c:\users\tenni\Documents\Atmel Studio\7.0\FinalArduino5\FinalArduino5\ArduinoCore\Debug\libArduinoCore.a(HardwareSerial0.o)
 .debug_line    0x000018f8      0x165 c:\users\tenni\Documents\Atmel Studio\7.0\FinalArduino5\FinalArduino5\ArduinoCore\Debug\libArduinoCore.a(main.o)
 .debug_line    0x00001a5d      0x685 c:\users\tenni\Documents\Atmel Studio\7.0\FinalArduino5\FinalArduino5\ArduinoCore\Debug\libArduinoCore.a(Print.o)
 .debug_line    0x000020e2      0x299 c:\users\tenni\Documents\Atmel Studio\7.0\FinalArduino5\FinalArduino5\ArduinoCore\Debug\libArduinoCore.a(wiring.o)
 .debug_line    0x0000237b      0x5ec c:\users\tenni\Documents\Atmel Studio\7.0\FinalArduino5\FinalArduino5\ArduinoCore\Debug\libArduinoCore.a(Wire.o)
 .debug_line    0x00002967       0x41 c:\users\tenni\Documents\Atmel Studio\7.0\FinalArduino5\FinalArduino5\ArduinoCore\Debug\libArduinoCore.a(hooks.o)
 .debug_line    0x000029a8      0x4f5 c:\users\tenni\Documents\Atmel Studio\7.0\FinalArduino5\FinalArduino5\ArduinoCore\Debug\libArduinoCore.a(twi.o)
 .debug_line    0x00002e9d      0x252 c:\users\tenni\Documents\Atmel Studio\7.0\FinalArduino5\FinalArduino5\ArduinoCore\Debug\libArduinoCore.a(wiring_digital.o)

.debug_frame    0x00000000     0x1228
 *(.debug_frame)
 .debug_frame   0x00000000       0xa0 heartRate.o
 .debug_frame   0x000000a0      0x51c MAX30105.o
 .debug_frame   0x000005bc      0x160 Sketch.o
 .debug_frame   0x0000071c      0x110 c:\users\tenni\Documents\Atmel Studio\7.0\FinalArduino5\FinalArduino5\ArduinoCore\Debug\libArduinoCore.a(HardwareSerial.o)
 .debug_frame   0x0000082c       0xe0 c:\users\tenni\Documents\Atmel Studio\7.0\FinalArduino5\FinalArduino5\ArduinoCore\Debug\libArduinoCore.a(HardwareSerial0.o)
 .debug_frame   0x0000090c       0x54 c:\users\tenni\Documents\Atmel Studio\7.0\FinalArduino5\FinalArduino5\ArduinoCore\Debug\libArduinoCore.a(main.o)
 .debug_frame   0x00000960      0x3ac c:\users\tenni\Documents\Atmel Studio\7.0\FinalArduino5\FinalArduino5\ArduinoCore\Debug\libArduinoCore.a(Print.o)
 .debug_frame   0x00000d0c       0xc4 c:\users\tenni\Documents\Atmel Studio\7.0\FinalArduino5\FinalArduino5\ArduinoCore\Debug\libArduinoCore.a(wiring.o)
 .debug_frame   0x00000dd0      0x284 c:\users\tenni\Documents\Atmel Studio\7.0\FinalArduino5\FinalArduino5\ArduinoCore\Debug\libArduinoCore.a(Wire.o)
 .debug_frame   0x00001054       0x24 c:\users\tenni\Documents\Atmel Studio\7.0\FinalArduino5\FinalArduino5\ArduinoCore\Debug\libArduinoCore.a(hooks.o)
 .debug_frame   0x00001078      0x134 c:\users\tenni\Documents\Atmel Studio\7.0\FinalArduino5\FinalArduino5\ArduinoCore\Debug\libArduinoCore.a(twi.o)
 .debug_frame   0x000011ac       0x7c c:\users\tenni\Documents\Atmel Studio\7.0\FinalArduino5\FinalArduino5\ArduinoCore\Debug\libArduinoCore.a(wiring_digital.o)

.debug_str      0x00000000     0x3e55
 *(.debug_str)
 .debug_str     0x00000000      0x208 C:/Program Files (x86)/Atmel/Studio/7.0/Packs/atmel/ATmega_DFP/1.2.150/gcc/dev/atmega328p/avr5/crtatmega328p.o
 .debug_str     0x00000208      0x37d heartRate.o
                                0x3d2 (size before relaxing)
 .debug_str     0x00000585     0x13c8 MAX30105.o
                               0x1673 (size before relaxing)
 .debug_str     0x0000194d      0x5a2 Sketch.o
                               0x1204 (size before relaxing)
 .debug_str     0x00001eef     0x12f3 c:\users\tenni\Documents\Atmel Studio\7.0\FinalArduino5\FinalArduino5\ArduinoCore\Debug\libArduinoCore.a(HardwareSerial.o)
                               0x15ef (size before relaxing)
 .debug_str     0x000031e2       0x86 c:\users\tenni\Documents\Atmel Studio\7.0\FinalArduino5\FinalArduino5\ArduinoCore\Debug\libArduinoCore.a(HardwareSerial0.o)
                               0x140b (size before relaxing)
 .debug_str     0x00003268       0x37 c:\users\tenni\Documents\Atmel Studio\7.0\FinalArduino5\FinalArduino5\ArduinoCore\Debug\libArduinoCore.a(main.o)
                                0x2b7 (size before relaxing)
 .debug_str     0x0000329f      0x367 c:\users\tenni\Documents\Atmel Studio\7.0\FinalArduino5\FinalArduino5\ArduinoCore\Debug\libArduinoCore.a(Print.o)
                               0x1245 (size before relaxing)
 .debug_str     0x00003606      0x153 c:\users\tenni\Documents\Atmel Studio\7.0\FinalArduino5\FinalArduino5\ArduinoCore\Debug\libArduinoCore.a(wiring.o)
                                0x24d (size before relaxing)
 .debug_str     0x00003759      0x4b8 c:\users\tenni\Documents\Atmel Studio\7.0\FinalArduino5\FinalArduino5\ArduinoCore\Debug\libArduinoCore.a(Wire.o)
                               0x18c4 (size before relaxing)
 .debug_str     0x00003c11       0x1c c:\users\tenni\Documents\Atmel Studio\7.0\FinalArduino5\FinalArduino5\ArduinoCore\Debug\libArduinoCore.a(hooks.o)
                                0x142 (size before relaxing)
 .debug_str     0x00003c2d      0x15e c:\users\tenni\Documents\Atmel Studio\7.0\FinalArduino5\FinalArduino5\ArduinoCore\Debug\libArduinoCore.a(twi.o)
                                0x3cd (size before relaxing)
 .debug_str     0x00003d8b       0xca c:\users\tenni\Documents\Atmel Studio\7.0\FinalArduino5\FinalArduino5\ArduinoCore\Debug\libArduinoCore.a(wiring_digital.o)
                                0x2b2 (size before relaxing)

.debug_loc      0x00000000     0x5a64
 *(.debug_loc)
 .debug_loc     0x00000000      0x2b1 heartRate.o
 .debug_loc     0x000002b1     0x1726 MAX30105.o
 .debug_loc     0x000019d7      0x568 Sketch.o
 .debug_loc     0x00001f3f      0x482 c:\users\tenni\Documents\Atmel Studio\7.0\FinalArduino5\FinalArduino5\ArduinoCore\Debug\libArduinoCore.a(HardwareSerial.o)
 .debug_loc     0x000023c1      0x1b0 c:\users\tenni\Documents\Atmel Studio\7.0\FinalArduino5\FinalArduino5\ArduinoCore\Debug\libArduinoCore.a(HardwareSerial0.o)
 .debug_loc     0x00002571     0x1c87 c:\users\tenni\Documents\Atmel Studio\7.0\FinalArduino5\FinalArduino5\ArduinoCore\Debug\libArduinoCore.a(Print.o)
 .debug_loc     0x000041f8      0x28d c:\users\tenni\Documents\Atmel Studio\7.0\FinalArduino5\FinalArduino5\ArduinoCore\Debug\libArduinoCore.a(wiring.o)
 .debug_loc     0x00004485      0xbfd c:\users\tenni\Documents\Atmel Studio\7.0\FinalArduino5\FinalArduino5\ArduinoCore\Debug\libArduinoCore.a(Wire.o)
 .debug_loc     0x00005082      0x3e6 c:\users\tenni\Documents\Atmel Studio\7.0\FinalArduino5\FinalArduino5\ArduinoCore\Debug\libArduinoCore.a(twi.o)
 .debug_loc     0x00005468      0x5fc c:\users\tenni\Documents\Atmel Studio\7.0\FinalArduino5\FinalArduino5\ArduinoCore\Debug\libArduinoCore.a(wiring_digital.o)

.debug_macinfo
 *(.debug_macinfo)

.debug_weaknames
 *(.debug_weaknames)

.debug_funcnames
 *(.debug_funcnames)

.debug_typenames
 *(.debug_typenames)

.debug_varnames
 *(.debug_varnames)

.debug_pubtypes
 *(.debug_pubtypes)

.debug_ranges   0x00000000      0x5c0
 *(.debug_ranges)
 .debug_ranges  0x00000000       0x28 heartRate.o
 .debug_ranges  0x00000028      0x1d0 MAX30105.o
 .debug_ranges  0x000001f8       0x30 Sketch.o
 .debug_ranges  0x00000228       0x58 c:\users\tenni\Documents\Atmel Studio\7.0\FinalArduino5\FinalArduino5\ArduinoCore\Debug\libArduinoCore.a(HardwareSerial.o)
 .debug_ranges  0x00000280       0x38 c:\users\tenni\Documents\Atmel Studio\7.0\FinalArduino5\FinalArduino5\ArduinoCore\Debug\libArduinoCore.a(HardwareSerial0.o)
 .debug_ranges  0x000002b8       0x20 c:\users\tenni\Documents\Atmel Studio\7.0\FinalArduino5\FinalArduino5\ArduinoCore\Debug\libArduinoCore.a(main.o)
 .debug_ranges  0x000002d8      0x120 c:\users\tenni\Documents\Atmel Studio\7.0\FinalArduino5\FinalArduino5\ArduinoCore\Debug\libArduinoCore.a(Print.o)
 .debug_ranges  0x000003f8       0x38 c:\users\tenni\Documents\Atmel Studio\7.0\FinalArduino5\FinalArduino5\ArduinoCore\Debug\libArduinoCore.a(wiring.o)
 .debug_ranges  0x00000430       0xe8 c:\users\tenni\Documents\Atmel Studio\7.0\FinalArduino5\FinalArduino5\ArduinoCore\Debug\libArduinoCore.a(Wire.o)
 .debug_ranges  0x00000518       0x10 c:\users\tenni\Documents\Atmel Studio\7.0\FinalArduino5\FinalArduino5\ArduinoCore\Debug\libArduinoCore.a(hooks.o)
 .debug_ranges  0x00000528       0x70 c:\users\tenni\Documents\Atmel Studio\7.0\FinalArduino5\FinalArduino5\ArduinoCore\Debug\libArduinoCore.a(twi.o)
 .debug_ranges  0x00000598       0x28 c:\users\tenni\Documents\Atmel Studio\7.0\FinalArduino5\FinalArduino5\ArduinoCore\Debug\libArduinoCore.a(wiring_digital.o)

.debug_macro
 *(.debug_macro)
OUTPUT(Example5_HeartRate.elf elf32-avr)
LOAD linker stubs
